

================================================================
== Vitis HLS Report for 'stream_mover'
================================================================
* Date:           Mon Jul 27 01:09:10 2026

* Version:        2025.2 (Build 6295257 on Nov 12 2025)
* Project:        stream_project
* Solution:       hls (Vivado IP Flow Target)
* Product family: artix7
* Target device:  xc7a12t-cpg238-1


================================================================
== Performance Estimates
================================================================
+ Timing: 
    * Summary: 
    +--------+----------+----------+------------+
    |  Clock |  Target  | Estimated| Uncertainty|
    +--------+----------+----------+------------+
    |ap_clk  |  10.00 ns|  5.922 ns|     2.70 ns|
    +--------+----------+----------+------------+

+ Latency: 
    * Summary: 
    +---------+---------+----------+----------+-----+-----+------------------------------------------------+
    |  Latency (cycles) |  Latency (absolute) |  Interval |                    Pipeline                    |
    |   min   |   max   |    min   |    max   | min | max |                      Type                      |
    +---------+---------+----------+----------+-----+-----+------------------------------------------------+
    |        ?|        ?|         ?|         ?|    0|    0|  loop auto-rewind stp (delay=0 clock cycles(s))|
    +---------+---------+----------+----------+-----+-----+------------------------------------------------+

    + Detail: 
        * Instance: 
        N/A

        * Loop: 
        +-------------------+---------+---------+----------+-----------+-----------+------+----------+
        |                   |  Latency (cycles) | Iteration|  Initiation Interval  | Trip |          |
        |     Loop Name     |   min   |   max   |  Latency |  achieved |   target  | Count| Pipelined|
        +-------------------+---------+---------+----------+-----------+-----------+------+----------+
        |- VITIS_LOOP_14_1  |        ?|        ?|         3|          1|          1|     ?|       yes|
        +-------------------+---------+---------+----------+-----------+-----------+------+----------+

============================================================
+ Verbose Summary: Synthesis Manager
============================================================
InlineROM: 1
ExposeGlobal: 0
============================================================
+ Verbose Summary: CDFG Model
============================================================
IsTopModel: 1
ResetActiveHigh: 1
IsCombinational: 0
IsDatapathOnly: 0
HasWiredReturn: 1
HasMFsm: 2
HasVarLatency: 1
IsPipeline: 0
IsRtlPipelined: 0
IsInstanceOverlapped: 0
IsDontTouch: 0
HasImplIP: 0
IsGatedGlobalClock: 0

+ Individual pipeline summary: 
  * Pipeline-0: initiation interval (II) = 1, depth = 3


============================================================
+ Verbose Summary: Schedule
============================================================
* Number of FSM states : 3
* Pipeline : 1
  Pipeline-0 : II = 1, D = 3, States = { 1 2 3 }
* Dataflow Pipeline: 0

* FSM state transitions: 
1 --> 2 
2 --> 3 
3 --> 

* FSM state operations: 

State 1 <SV = 0> <Delay = 5.92>
ST_1 : Operation 6 [1/1] (0.00ns)   --->   "%i = alloca i32 1"   --->   Operation 6 'alloca' 'i' <Predicate = true> <Delay = 0.00>
ST_1 : Operation 7 [1/1] (0.00ns)   --->   "%spectopmodule_ln4 = spectopmodule void @_ssdm_op_SpecTopModule, void @empty_6" [../hls/stream_mover.cpp:4]   --->   Operation 7 'spectopmodule' 'spectopmodule_ln4' <Predicate = true> <Delay = 0.00>
ST_1 : Operation 8 [1/1] (1.00ns)   --->   "%N_read = read i32 @_ssdm_op_Read.s_axilite.i32, i32 %N"   --->   Operation 8 'read' 'N_read' <Predicate = true> <Delay = 1.00> <CoreInst = "s_axilite">   --->   Core 112 's_axilite' <Latency = 0> <II = 1> <Delay = 1.00> <Adapter> <Opcode : 'read' 'write'>
ST_1 : Operation 9 [1/1] (0.00ns)   --->   "%specinterface_ln0 = specinterface void @_ssdm_op_SpecInterface, i8 %in_stream, void @empty, i32 1, i32 1, void @empty_0, i32 0, i32 0, void @empty_1, void @empty_1, void @empty_1, i32 0, i32 0, i32 0, i32 0, void @empty_1, void @empty_1, i32 4294967295, i32 0, i32 0, i32 0"   --->   Operation 9 'specinterface' 'specinterface_ln0' <Predicate = true> <Delay = 0.00>
ST_1 : Operation 10 [1/1] (0.00ns)   --->   "%specbitsmap_ln0 = specbitsmap void @_ssdm_op_SpecBitsMap, i8 %in_stream"   --->   Operation 10 'specbitsmap' 'specbitsmap_ln0' <Predicate = true> <Delay = 0.00>
ST_1 : Operation 11 [1/1] (0.00ns)   --->   "%specinterface_ln0 = specinterface void @_ssdm_op_SpecInterface, i8 %out_stream, void @empty, i32 1, i32 1, void @empty_0, i32 0, i32 0, void @empty_1, void @empty_1, void @empty_1, i32 0, i32 0, i32 0, i32 0, void @empty_1, void @empty_1, i32 4294967295, i32 0, i32 0, i32 0"   --->   Operation 11 'specinterface' 'specinterface_ln0' <Predicate = true> <Delay = 0.00>
ST_1 : Operation 12 [1/1] (0.00ns)   --->   "%specbitsmap_ln0 = specbitsmap void @_ssdm_op_SpecBitsMap, i8 %out_stream"   --->   Operation 12 'specbitsmap' 'specbitsmap_ln0' <Predicate = true> <Delay = 0.00>
ST_1 : Operation 13 [1/1] (0.00ns)   --->   "%specbitsmap_ln0 = specbitsmap void @_ssdm_op_SpecBitsMap, i32 %N"   --->   Operation 13 'specbitsmap' 'specbitsmap_ln0' <Predicate = true> <Delay = 0.00>
ST_1 : Operation 14 [1/1] (0.00ns)   --->   "%specinterface_ln0 = specinterface void @_ssdm_op_SpecInterface, i32 %N, void @empty_2, i32 4294967295, i32 4294967295, void @empty_1, i32 0, i32 0, void @empty_3, void @empty_4, void @empty_1, i32 0, i32 0, i32 0, i32 0, void @empty_1, void @empty_1, i32 4294967295, i32 0, i32 0, i32 0"   --->   Operation 14 'specinterface' 'specinterface_ln0' <Predicate = true> <Delay = 0.00>
ST_1 : Operation 15 [1/1] (0.00ns)   --->   "%specinterface_ln0 = specinterface void @_ssdm_op_SpecInterface, i32 %N, void @empty_5, i32 0, i32 0, void @empty_1, i32 0, i32 0, void @empty_1, void @empty_1, void @empty_1, i32 0, i32 0, i32 0, i32 0, void @empty_1, void @empty_1, i32 4294967295, i32 0, i32 0, i32 0"   --->   Operation 15 'specinterface' 'specinterface_ln0' <Predicate = true> <Delay = 0.00>
ST_1 : Operation 16 [1/1] (0.00ns)   --->   "%specinterface_ln0 = specinterface void @_ssdm_op_SpecInterface, i32 0, void @empty_2, i32 0, i32 0, void @empty_1, i32 0, i32 0, void @empty_3, void @empty_1, void @empty_1, i32 0, i32 0, i32 0, i32 0, void @empty_1, void @empty_1, i32 0, i32 0, i32 0, i32 0"   --->   Operation 16 'specinterface' 'specinterface_ln0' <Predicate = true> <Delay = 0.00>
ST_1 : Operation 17 [1/1] (1.61ns)   --->   "%store_ln0 = store i31 0, i31 %i"   --->   Operation 17 'store' 'store_ln0' <Predicate = true> <Delay = 1.61>
ST_1 : Operation 18 [1/1] (0.00ns)   --->   "%br_ln14 = br void %for.inc" [../hls/stream_mover.cpp:14]   --->   Operation 18 'br' 'br_ln14' <Predicate = true> <Delay = 0.00>
ST_1 : Operation 19 [1/1] (0.00ns)   --->   "%i_load = load i31 %i" [../hls/stream_mover.cpp:14]   --->   Operation 19 'load' 'i_load' <Predicate = true> <Delay = 0.00>
ST_1 : Operation 20 [1/1] (0.00ns)   --->   "%i_cast = zext i31 %i_load" [../hls/stream_mover.cpp:14]   --->   Operation 20 'zext' 'i_cast' <Predicate = true> <Delay = 0.00>
ST_1 : Operation 21 [1/1] (2.70ns)   --->   "%icmp_ln14 = icmp_slt  i32 %i_cast, i32 %N_read" [../hls/stream_mover.cpp:14]   --->   Operation 21 'icmp' 'icmp_ln14' <Predicate = true> <Delay = 2.70> <CoreInst = "Cmp">   --->   Core 9 'Cmp' <Latency = 0> <II = 1> <Delay = 2.70> <FuncUnit> <Opcode : 'seteq' 'setne' 'setle' 'setge' 'setlt' 'setgt'> <InPorts = 2> <OutPorts = 1>
ST_1 : Operation 22 [1/1] (0.00ns)   --->   "%br_ln14 = br i1 %icmp_ln14, void %for.end, void %for.inc.split" [../hls/stream_mover.cpp:14]   --->   Operation 22 'br' 'br_ln14' <Predicate = true> <Delay = 0.00>
ST_1 : Operation 23 [1/1] (2.66ns)   --->   "%add_ln14 = add i31 %i_load, i31 1" [../hls/stream_mover.cpp:14]   --->   Operation 23 'add' 'add_ln14' <Predicate = (icmp_ln14)> <Delay = 2.66> <CoreInst = "Adder">   --->   Core 1 'Adder' <Latency = 0> <II = 1> <Delay = 2.66> <FuncUnit> <Opcode : 'add' 'sub'> <InPorts = 2> <OutPorts = 1>
ST_1 : Operation 24 [1/1] (1.61ns)   --->   "%store_ln14 = store i31 %add_ln14, i31 %i" [../hls/stream_mover.cpp:14]   --->   Operation 24 'store' 'store_ln14' <Predicate = (icmp_ln14)> <Delay = 1.61>

State 2 <SV = 1> <Delay = 1.66>
ST_2 : Operation 25 [1/1] ( I:0.51ns O:0.51ns )   --->   "%in_stream_read = read i8 @_ssdm_op_Read.axis.volatile.i8P128A, i8 %in_stream" [../hls/stream_mover.cpp:18]   --->   Operation 25 'read' 'in_stream_read' <Predicate = true> <Delay = 0.51> <CoreInst = "regslice">   --->   Core 135 'regslice' <Latency = 0> <II = 1> <Delay = 1.75> <Adapter> <Opcode : 'read' 'write'>
ST_2 : Operation 26 [2/2] (1.14ns)   --->   "%write_ln20 = write void @_ssdm_op_Write.axis.volatile.i8P128A, i8 %out_stream, i8 %in_stream_read" [../hls/stream_mover.cpp:20]   --->   Operation 26 'write' 'write_ln20' <Predicate = true> <Delay = 1.14> <CoreInst = "regslice">   --->   Core 135 'regslice' <Latency = 0> <II = 1> <Delay = 1.75> <Adapter> <Opcode : 'read' 'write'>
ST_2 : Operation 31 [1/1] (1.61ns)   --->   "%ret_ln23 = ret" [../hls/stream_mover.cpp:23]   --->   Operation 31 'ret' 'ret_ln23' <Predicate = (!icmp_ln14)> <Delay = 1.61>

State 3 <SV = 2> <Delay = 1.14>
ST_3 : Operation 27 [1/1] (0.00ns)   --->   "%specpipeline_ln16 = specpipeline void @_ssdm_op_SpecPipeline, i32 1, i32 0, i32 0, i32 0, i32 4294967295, void @empty_1" [../hls/stream_mover.cpp:16]   --->   Operation 27 'specpipeline' 'specpipeline_ln16' <Predicate = true> <Delay = 0.00>
ST_3 : Operation 28 [1/1] (0.00ns)   --->   "%specloopname_ln14 = specloopname void @_ssdm_op_SpecLoopName, void @empty_7" [../hls/stream_mover.cpp:14]   --->   Operation 28 'specloopname' 'specloopname_ln14' <Predicate = true> <Delay = 0.00>
ST_3 : Operation 29 [1/2] ( I:1.14ns O:1.14ns )   --->   "%write_ln20 = write void @_ssdm_op_Write.axis.volatile.i8P128A, i8 %out_stream, i8 %in_stream_read" [../hls/stream_mover.cpp:20]   --->   Operation 29 'write' 'write_ln20' <Predicate = true> <Delay = 1.14> <CoreInst = "regslice">   --->   Core 135 'regslice' <Latency = 0> <II = 1> <Delay = 1.75> <Adapter> <Opcode : 'read' 'write'>
ST_3 : Operation 30 [1/1] (0.00ns)   --->   "%br_ln14 = br void %for.inc" [../hls/stream_mover.cpp:14]   --->   Operation 30 'br' 'br_ln14' <Predicate = true> <Delay = 0.00>


============================================================
+ Verbose Summary: Timing violations
============================================================
Target clock period: 10.000ns, clock uncertainty: 2.700ns.

 <State 1>: 5.922ns
The critical path consists of the following:
	'store' operation ('store_ln0') of constant 0 31 bit on local variable 'i' [15]  (1.610 ns)
	'load' operation 31 bit ('i_load', ../hls/stream_mover.cpp:14) on local variable 'i' [18]  (0.000 ns)
	'icmp' operation 1 bit ('icmp_ln14', ../hls/stream_mover.cpp:14) [20]  (2.702 ns)
	'store' operation ('store_ln14', ../hls/stream_mover.cpp:14) of variable 'add_ln14', ../hls/stream_mover.cpp:14 31 bit on local variable 'i' [28]  (1.610 ns)

 <State 2>: 1.663ns
The critical path consists of the following:
	axis read operation ('in_stream_read', ../hls/stream_mover.cpp:18) on port 'in_stream' (../hls/stream_mover.cpp:18) [26]  (0.518 ns)
	axis write operation ('write_ln20', ../hls/stream_mover.cpp:20) on port 'out_stream' (../hls/stream_mover.cpp:20) [27]  (0.000 ns)
	blocking operation 1.145 ns on control path)

 <State 3>: 1.145ns
The critical path consists of the following:
	axis write operation ('write_ln20', ../hls/stream_mover.cpp:20) on port 'out_stream' (../hls/stream_mover.cpp:20) [27]  (1.145 ns)


============================================================
+ Verbose Summary: Binding
============================================================
N/A
* FSMD analyzer results:
  - Output states:
 - Input state : 
  - Chain level:
	State 1
	State 2
	State 3


============================================================
+ Verbose Summary: Datapath Resource usage 
============================================================
N/A
