

================================================================
== Synthesis Summary Report of 'stream_mover'
================================================================
+ General Information: 
    * Date:           Mon Jul 27 01:09:10 2026
    * Version:        2025.2 (Build 6295257 on Nov 12 2025)
    * Project:        stream_project
    * Solution:       hls (Vivado IP Flow Target)
    * Product family: artix7
    * Target device:  xc7a12t-cpg238-1
    

* Performance & Resource Estimates: 
+--------------------+------+---------------+----------+---------+------+----------+---------+-----+------+------+----+-----------+----------+-----+
|       Modules      | Issue|               | Iteration|         | Trip |          |    Latency    |      |      |    |           |          |     |
|       & Loops      | Type | Violation Type|  Latency | Interval| Count| Pipelined| (cycles)| (ns)| Slack| BRAM | DSP|     FF    |    LUT   | URAM|
+--------------------+------+---------------+----------+---------+------+----------+---------+-----+------+------+----+-----------+----------+-----+
|+ stream_mover      |     -|              -|         -|        0|     -|    rewind|        -|    -|  1.38|     -|   -|  111 (~0%)|  247 (3%)|    -|
| o VITIS_LOOP_14_1  |     -|              -|         3|        1|     -|       yes|        -|    -|  7.30|     -|   -|          -|         -|    -|
+--------------------+------+---------------+----------+---------+------+----------+---------+-----+------+------+----+-----------+----------+-----+
    Name Prefix: '+' for module, 'o' for loop, '*' for dataflow


================================================================
== HW Interfaces
================================================================
* S_AXILITE Interfaces
+---------------+------------+---------------+--------+----------+
| Interface     | Data Width | Address Width | Offset | Register |
+---------------+------------+---------------+--------+----------+
| s_axi_control | 32         | 5             | 16     | 0        |
+---------------+------------+---------------+--------+----------+

* S_AXILITE Registers
+---------------+----------+--------+-------+--------+----------------------------------+----------------------------------------------------------------------+
| Interface     | Register | Offset | Width | Access | Description                      | Bit Fields                                                           |
+---------------+----------+--------+-------+--------+----------------------------------+----------------------------------------------------------------------+
| s_axi_control | CTRL     | 0x00   | 32    | RW     | Control signals                  | 0=AP_START 1=AP_DONE 2=AP_IDLE 3=AP_READY 7=AUTO_RESTART 9=INTERRUPT |
| s_axi_control | GIER     | 0x04   | 32    | RW     | Global Interrupt Enable Register | 0=Enable                                                             |
| s_axi_control | IP_IER   | 0x08   | 32    | RW     | IP Interrupt Enable Register     | 0=CHAN0_INT_EN 1=CHAN1_INT_EN                                        |
| s_axi_control | IP_ISR   | 0x0c   | 32    | RW     | IP Interrupt Status Register     | 0=CHAN0_INT_ST 1=CHAN1_INT_ST                                        |
| s_axi_control | N        | 0x10   | 32    | W      | Data signal of N                 |                                                                      |
+---------------+----------+--------+-------+--------+----------------------------------+----------------------------------------------------------------------+

* AXIS
+------------+-----------+---------------+-------+--------+--------+
| Interface  | Direction | Register Mode | TDATA | TREADY | TVALID |
+------------+-----------+---------------+-------+--------+--------+
| in_stream  | in        | both          | 8     | 1      | 1      |
| out_stream | out       | both          | 8     | 1      | 1      |
+------------+-----------+---------------+-------+--------+--------+

* TOP LEVEL CONTROL
+-----------+------------+-----------+
| Interface | Type       | Ports     |
+-----------+------------+-----------+
| ap_clk    | clock      | ap_clk    |
| ap_rst_n  | reset      | ap_rst_n  |
| interrupt | interrupt  | interrupt |
| ap_ctrl   | ap_ctrl_hs |           |
+-----------+------------+-----------+


================================================================
== SW I/O Information
================================================================
* Top Function Arguments
+------------+-----------+-----------------------+
| Argument   | Direction | Datatype              |
+------------+-----------+-----------------------+
| in_stream  | in        | stream<ap_int<8>, 0>& |
| out_stream | out       | stream<ap_int<8>, 0>& |
| N          | in        | int                   |
+------------+-----------+-----------------------+

* SW-to-HW Mapping
+------------+---------------+-----------+-----------------------------+
| Argument   | HW Interface  | HW Type   | HW Info                     |
+------------+---------------+-----------+-----------------------------+
| in_stream  | in_stream     | interface |                             |
| out_stream | out_stream    | interface |                             |
| N          | s_axi_control | register  | name=N offset=0x10 range=32 |
+------------+---------------+-----------+-----------------------------+


================================================================
== Bind Op Report
================================================================
+----------------------+-----+--------+-----------+-------+--------+---------+
| Name                 | DSP | Pragma | Variable  | Op    | Impl   | Latency |
+----------------------+-----+--------+-----------+-------+--------+---------+
| + stream_mover       | 0   |        |           |       |        |         |
|   icmp_ln14_fu_86_p2 |     |        | icmp_ln14 | setlt | auto   | 0       |
|   add_ln14_fu_92_p2  |     |        | add_ln14  | add   | fabric | 0       |
+----------------------+-----+--------+-----------+-------+--------+---------+


================================================================
== Storage Report
================================================================
+-------------------+-----------+-----------+------+------+--------+----------+------+---------+------------------+
| Name              | Usage     | Type      | BRAM | URAM | Pragma | Variable | Impl | Latency | Bitwidth, Depth, |
|                   |           |           |      |      |        |          |      |         | Banks            |
+-------------------+-----------+-----------+------+------+--------+----------+------+---------+------------------+
| + stream_mover    |           |           | 0    | 0    |        |          |      |         |                  |
|   control_s_axi_U | interface | s_axilite |      |      |        |          |      |         |                  |
+-------------------+-----------+-----------+------+------+--------+----------+------+---------+------------------+


================================================================
== Pragma Report
================================================================
* Valid Pragma Syntax
+-----------+-----------------------+----------------------------------------------+
| Type      | Options               | Location                                     |
+-----------+-----------------------+----------------------------------------------+
| INTERFACE | axis port=in_stream   | in stream_mover (../hls/stream_mover.cpp:9)  |
| INTERFACE | axis port=out_stream  | in stream_mover (../hls/stream_mover.cpp:10) |
| INTERFACE | s_axilite port=N      | in stream_mover (../hls/stream_mover.cpp:11) |
| INTERFACE | s_axilite port=return | in stream_mover (../hls/stream_mover.cpp:12) |
| PIPELINE  | ii=1                  | in stream_mover (../hls/stream_mover.cpp:16) |
+-----------+-----------------------+----------------------------------------------+


