

================================================================
== Vitis HLS Report for 'dense_gemv_Pipeline_VITIS_LOOP_25_1'
================================================================
* Date:           Mon Aug  3 20:40:55 2026

* Version:        2025.2 (Build 6295257 on Nov 12 2025)
* Project:        dense_gemv
* Solution:       hls (Vivado IP Flow Target)
* Product family: artix7
* Target device:  xc7a12t-cpg238-1


================================================================
== Performance Estimates
================================================================
+ Timing: 
    * Summary: 
    +--------+----------+----------+------------+
    |  Clock |  Target  | Estimated| Uncertainty|
    +--------+----------+----------+------------+
    |ap_clk  |  10.00 ns|  5.166 ns|     2.70 ns|
    +--------+----------+----------+------------+

+ Latency: 
    * Summary: 
    +---------+---------+----------+----------+-----+-----+-------------------+
    |  Latency (cycles) |  Latency (absolute) |  Interval |      Pipeline     |
    |   min   |   max   |    min   |    max   | min | max |        Type       |
    +---------+---------+----------+----------+-----+-----+-------------------+
    |       34|       34|  0.340 us|  0.340 us|    0|    0|  loop pipeline stp|
    +---------+---------+----------+----------+-----+-----+-------------------+

    + Detail: 
        * Instance: 
        N/A

        * Loop: 
        +-------------------+---------+---------+----------+-----------+-----------+------+----------+
        |                   |  Latency (cycles) | Iteration|  Initiation Interval  | Trip |          |
        |     Loop Name     |   min   |   max   |  Latency |  achieved |   target  | Count| Pipelined|
        +-------------------+---------+---------+----------+-----------+-----------+------+----------+
        |- VITIS_LOOP_25_1  |       32|       32|         2|          1|          1|    32|       yes|
        +-------------------+---------+---------+----------+-----------+-----------+------+----------+

============================================================
+ Verbose Summary: Synthesis Manager
============================================================
InlineROM: 1
ExposeGlobal: 0
============================================================
+ Verbose Summary: CDFG Model
============================================================
IsTopModel: 0
ResetActiveHigh: 1
IsCombinational: 0
IsDatapathOnly: 0
HasWiredReturn: 1
HasMFsm: 2
HasVarLatency: 1
IsPipeline: 0
IsRtlPipelined: 0
IsInstanceOverlapped: 0
IsDontTouch: 0
HasImplIP: 0
IsGatedGlobalClock: 0

+ Individual pipeline summary: 
  * Pipeline-0: initiation interval (II) = 1, depth = 2


============================================================
+ Verbose Summary: Schedule
============================================================
* Number of FSM states : 2
* Pipeline : 1
  Pipeline-0 : II = 1, D = 2, States = { 1 2 }
* Dataflow Pipeline: 0

* FSM state transitions: 
1 --> 2 
2 --> 

* FSM state operations: 

State 1 <SV = 0> <Delay = 5.16>
ST_1 : Operation 5 [1/1] (0.00ns)   --->   "%i = alloca i32 1" [../hls/dense_gemv.cpp:25]   --->   Operation 5 'alloca' 'i' <Predicate = true> <Delay = 0.00>
ST_1 : Operation 6 [1/1] (0.00ns)   --->   "%empty = alloca i32 1"   --->   Operation 6 'alloca' 'empty' <Predicate = true> <Delay = 0.00>
ST_1 : Operation 7 [1/1] (0.00ns)   --->   "%empty_45 = alloca i32 1"   --->   Operation 7 'alloca' 'empty_45' <Predicate = true> <Delay = 0.00>
ST_1 : Operation 8 [1/1] (0.00ns)   --->   "%empty_46 = alloca i32 1"   --->   Operation 8 'alloca' 'empty_46' <Predicate = true> <Delay = 0.00>
ST_1 : Operation 9 [1/1] (0.00ns)   --->   "%empty_47 = alloca i32 1"   --->   Operation 9 'alloca' 'empty_47' <Predicate = true> <Delay = 0.00>
ST_1 : Operation 10 [1/1] (0.00ns)   --->   "%empty_48 = alloca i32 1"   --->   Operation 10 'alloca' 'empty_48' <Predicate = true> <Delay = 0.00>
ST_1 : Operation 11 [1/1] (0.00ns)   --->   "%empty_49 = alloca i32 1"   --->   Operation 11 'alloca' 'empty_49' <Predicate = true> <Delay = 0.00>
ST_1 : Operation 12 [1/1] (0.00ns)   --->   "%empty_50 = alloca i32 1"   --->   Operation 12 'alloca' 'empty_50' <Predicate = true> <Delay = 0.00>
ST_1 : Operation 13 [1/1] (0.00ns)   --->   "%empty_51 = alloca i32 1"   --->   Operation 13 'alloca' 'empty_51' <Predicate = true> <Delay = 0.00>
ST_1 : Operation 14 [1/1] (0.00ns)   --->   "%empty_52 = alloca i32 1"   --->   Operation 14 'alloca' 'empty_52' <Predicate = true> <Delay = 0.00>
ST_1 : Operation 15 [1/1] (0.00ns)   --->   "%empty_53 = alloca i32 1"   --->   Operation 15 'alloca' 'empty_53' <Predicate = true> <Delay = 0.00>
ST_1 : Operation 16 [1/1] (0.00ns)   --->   "%empty_54 = alloca i32 1"   --->   Operation 16 'alloca' 'empty_54' <Predicate = true> <Delay = 0.00>
ST_1 : Operation 17 [1/1] (0.00ns)   --->   "%empty_55 = alloca i32 1"   --->   Operation 17 'alloca' 'empty_55' <Predicate = true> <Delay = 0.00>
ST_1 : Operation 18 [1/1] (0.00ns)   --->   "%empty_56 = alloca i32 1"   --->   Operation 18 'alloca' 'empty_56' <Predicate = true> <Delay = 0.00>
ST_1 : Operation 19 [1/1] (0.00ns)   --->   "%empty_57 = alloca i32 1"   --->   Operation 19 'alloca' 'empty_57' <Predicate = true> <Delay = 0.00>
ST_1 : Operation 20 [1/1] (0.00ns)   --->   "%empty_58 = alloca i32 1"   --->   Operation 20 'alloca' 'empty_58' <Predicate = true> <Delay = 0.00>
ST_1 : Operation 21 [1/1] (0.00ns)   --->   "%empty_59 = alloca i32 1"   --->   Operation 21 'alloca' 'empty_59' <Predicate = true> <Delay = 0.00>
ST_1 : Operation 22 [1/1] (0.00ns)   --->   "%empty_60 = alloca i32 1"   --->   Operation 22 'alloca' 'empty_60' <Predicate = true> <Delay = 0.00>
ST_1 : Operation 23 [1/1] (0.00ns)   --->   "%empty_61 = alloca i32 1"   --->   Operation 23 'alloca' 'empty_61' <Predicate = true> <Delay = 0.00>
ST_1 : Operation 24 [1/1] (0.00ns)   --->   "%empty_62 = alloca i32 1"   --->   Operation 24 'alloca' 'empty_62' <Predicate = true> <Delay = 0.00>
ST_1 : Operation 25 [1/1] (0.00ns)   --->   "%empty_63 = alloca i32 1"   --->   Operation 25 'alloca' 'empty_63' <Predicate = true> <Delay = 0.00>
ST_1 : Operation 26 [1/1] (0.00ns)   --->   "%empty_64 = alloca i32 1"   --->   Operation 26 'alloca' 'empty_64' <Predicate = true> <Delay = 0.00>
ST_1 : Operation 27 [1/1] (0.00ns)   --->   "%empty_65 = alloca i32 1"   --->   Operation 27 'alloca' 'empty_65' <Predicate = true> <Delay = 0.00>
ST_1 : Operation 28 [1/1] (0.00ns)   --->   "%empty_66 = alloca i32 1"   --->   Operation 28 'alloca' 'empty_66' <Predicate = true> <Delay = 0.00>
ST_1 : Operation 29 [1/1] (0.00ns)   --->   "%empty_67 = alloca i32 1"   --->   Operation 29 'alloca' 'empty_67' <Predicate = true> <Delay = 0.00>
ST_1 : Operation 30 [1/1] (0.00ns)   --->   "%empty_68 = alloca i32 1"   --->   Operation 30 'alloca' 'empty_68' <Predicate = true> <Delay = 0.00>
ST_1 : Operation 31 [1/1] (0.00ns)   --->   "%empty_69 = alloca i32 1"   --->   Operation 31 'alloca' 'empty_69' <Predicate = true> <Delay = 0.00>
ST_1 : Operation 32 [1/1] (0.00ns)   --->   "%empty_70 = alloca i32 1"   --->   Operation 32 'alloca' 'empty_70' <Predicate = true> <Delay = 0.00>
ST_1 : Operation 33 [1/1] (0.00ns)   --->   "%empty_71 = alloca i32 1"   --->   Operation 33 'alloca' 'empty_71' <Predicate = true> <Delay = 0.00>
ST_1 : Operation 34 [1/1] (0.00ns)   --->   "%empty_72 = alloca i32 1"   --->   Operation 34 'alloca' 'empty_72' <Predicate = true> <Delay = 0.00>
ST_1 : Operation 35 [1/1] (0.00ns)   --->   "%empty_73 = alloca i32 1"   --->   Operation 35 'alloca' 'empty_73' <Predicate = true> <Delay = 0.00>
ST_1 : Operation 36 [1/1] (0.00ns)   --->   "%empty_74 = alloca i32 1"   --->   Operation 36 'alloca' 'empty_74' <Predicate = true> <Delay = 0.00>
ST_1 : Operation 37 [1/1] (0.00ns)   --->   "%empty_75 = alloca i32 1"   --->   Operation 37 'alloca' 'empty_75' <Predicate = true> <Delay = 0.00>
ST_1 : Operation 38 [1/1] (0.00ns)   --->   "%specinterface_ln0 = specinterface void @_ssdm_op_SpecInterface, i8 %in_stream, void @empty_31, i32 0, i32 0, void @empty_40, i32 0, i32 0, void @empty, void @empty, void @empty, i32 0, i32 0, i32 0, i32 0, void @empty, void @empty, i32 4294967295, i32 0, i32 0, i32 0"   --->   Operation 38 'specinterface' 'specinterface_ln0' <Predicate = true> <Delay = 0.00>
ST_1 : Operation 39 [1/1] (1.61ns)   --->   "%store_ln25 = store i6 0, i6 %i" [../hls/dense_gemv.cpp:25]   --->   Operation 39 'store' 'store_ln25' <Predicate = true> <Delay = 1.61>
ST_1 : Operation 40 [1/1] (0.00ns)   --->   "%br_ln25 = br void %for.inc" [../hls/dense_gemv.cpp:25]   --->   Operation 40 'br' 'br_ln25' <Predicate = true> <Delay = 0.00>
ST_1 : Operation 41 [1/1] (0.00ns)   --->   "%i_2 = load i6 %i" [../hls/dense_gemv.cpp:25]   --->   Operation 41 'load' 'i_2' <Predicate = true> <Delay = 0.00>
ST_1 : Operation 42 [1/1] (1.94ns)   --->   "%icmp_ln25 = icmp_eq  i6 %i_2, i6 32" [../hls/dense_gemv.cpp:25]   --->   Operation 42 'icmp' 'icmp_ln25' <Predicate = true> <Delay = 1.94> <CoreInst = "Cmp">   --->   Core 9 'Cmp' <Latency = 0> <II = 1> <Delay = 1.94> <FuncUnit> <Opcode : 'seteq' 'setne' 'setle' 'setge' 'setlt' 'setgt'> <InPorts = 2> <OutPorts = 1>
ST_1 : Operation 43 [1/1] (1.94ns)   --->   "%add_ln25 = add i6 %i_2, i6 1" [../hls/dense_gemv.cpp:25]   --->   Operation 43 'add' 'add_ln25' <Predicate = true> <Delay = 1.94> <CoreInst = "Adder">   --->   Core 1 'Adder' <Latency = 0> <II = 1> <Delay = 1.94> <FuncUnit> <Opcode : 'add' 'sub'> <InPorts = 2> <OutPorts = 1>
ST_1 : Operation 44 [1/1] (0.00ns)   --->   "%br_ln25 = br i1 %icmp_ln25, void %for.inc.split, void %VITIS_LOOP_35_3.lr.ph.exitStub" [../hls/dense_gemv.cpp:25]   --->   Operation 44 'br' 'br_ln25' <Predicate = true> <Delay = 0.00>
ST_1 : Operation 45 [1/1] (0.00ns)   --->   "%trunc_ln25 = trunc i6 %i_2" [../hls/dense_gemv.cpp:25]   --->   Operation 45 'trunc' 'trunc_ln25' <Predicate = (!icmp_ln25)> <Delay = 0.00>
ST_1 : Operation 46 [1/1] (1.86ns)   --->   "%switch_ln27 = switch i5 %trunc_ln25, void %arrayidx.case.31, i5 0, void %for.inc.split.arrayidx.exit_crit_edge, i5 1, void %arrayidx.case.1, i5 2, void %arrayidx.case.2, i5 3, void %arrayidx.case.3, i5 4, void %arrayidx.case.4, i5 5, void %arrayidx.case.5, i5 6, void %arrayidx.case.6, i5 7, void %arrayidx.case.7, i5 8, void %arrayidx.case.8, i5 9, void %arrayidx.case.9, i5 10, void %arrayidx.case.10, i5 11, void %arrayidx.case.11, i5 12, void %arrayidx.case.12, i5 13, void %arrayidx.case.13, i5 14, void %arrayidx.case.14, i5 15, void %arrayidx.case.15, i5 16, void %arrayidx.case.16, i5 17, void %arrayidx.case.17, i5 18, void %arrayidx.case.18, i5 19, void %arrayidx.case.19, i5 20, void %arrayidx.case.20, i5 21, void %arrayidx.case.21, i5 22, void %arrayidx.case.22, i5 23, void %arrayidx.case.23, i5 24, void %arrayidx.case.24, i5 25, void %arrayidx.case.25, i5 26, void %arrayidx.case.26, i5 27, void %arrayidx.case.27, i5 28, void %arrayidx.case.28, i5 29, void %arrayidx.case.29, i5 30, void %arrayidx.case.30" [../hls/dense_gemv.cpp:27]   --->   Operation 46 'switch' 'switch_ln27' <Predicate = (!icmp_ln25)> <Delay = 1.86>
ST_1 : Operation 47 [1/1] (1.61ns)   --->   "%store_ln25 = store i6 %add_ln25, i6 %i" [../hls/dense_gemv.cpp:25]   --->   Operation 47 'store' 'store_ln25' <Predicate = (!icmp_ln25)> <Delay = 1.61>
ST_1 : Operation 48 [1/1] (0.00ns)   --->   "%br_ln25 = br void %for.inc" [../hls/dense_gemv.cpp:25]   --->   Operation 48 'br' 'br_ln25' <Predicate = (!icmp_ln25)> <Delay = 0.00>
ST_1 : Operation 117 [1/1] (0.00ns)   --->   "%p_load63 = load i8 %empty"   --->   Operation 117 'load' 'p_load63' <Predicate = (icmp_ln25)> <Delay = 0.00>
ST_1 : Operation 118 [1/1] (0.00ns)   --->   "%p_load62 = load i8 %empty_45"   --->   Operation 118 'load' 'p_load62' <Predicate = (icmp_ln25)> <Delay = 0.00>
ST_1 : Operation 119 [1/1] (0.00ns)   --->   "%p_load61 = load i8 %empty_46"   --->   Operation 119 'load' 'p_load61' <Predicate = (icmp_ln25)> <Delay = 0.00>
ST_1 : Operation 120 [1/1] (0.00ns)   --->   "%p_load60 = load i8 %empty_47"   --->   Operation 120 'load' 'p_load60' <Predicate = (icmp_ln25)> <Delay = 0.00>
ST_1 : Operation 121 [1/1] (0.00ns)   --->   "%p_load59 = load i8 %empty_48"   --->   Operation 121 'load' 'p_load59' <Predicate = (icmp_ln25)> <Delay = 0.00>
ST_1 : Operation 122 [1/1] (0.00ns)   --->   "%p_load58 = load i8 %empty_49"   --->   Operation 122 'load' 'p_load58' <Predicate = (icmp_ln25)> <Delay = 0.00>
ST_1 : Operation 123 [1/1] (0.00ns)   --->   "%p_load57 = load i8 %empty_50"   --->   Operation 123 'load' 'p_load57' <Predicate = (icmp_ln25)> <Delay = 0.00>
ST_1 : Operation 124 [1/1] (0.00ns)   --->   "%p_load56 = load i8 %empty_51"   --->   Operation 124 'load' 'p_load56' <Predicate = (icmp_ln25)> <Delay = 0.00>
ST_1 : Operation 125 [1/1] (0.00ns)   --->   "%p_load55 = load i8 %empty_52"   --->   Operation 125 'load' 'p_load55' <Predicate = (icmp_ln25)> <Delay = 0.00>
ST_1 : Operation 126 [1/1] (0.00ns)   --->   "%p_load54 = load i8 %empty_53"   --->   Operation 126 'load' 'p_load54' <Predicate = (icmp_ln25)> <Delay = 0.00>
ST_1 : Operation 127 [1/1] (0.00ns)   --->   "%p_load53 = load i8 %empty_54"   --->   Operation 127 'load' 'p_load53' <Predicate = (icmp_ln25)> <Delay = 0.00>
ST_1 : Operation 128 [1/1] (0.00ns)   --->   "%p_load52 = load i8 %empty_55"   --->   Operation 128 'load' 'p_load52' <Predicate = (icmp_ln25)> <Delay = 0.00>
ST_1 : Operation 129 [1/1] (0.00ns)   --->   "%p_load51 = load i8 %empty_56"   --->   Operation 129 'load' 'p_load51' <Predicate = (icmp_ln25)> <Delay = 0.00>
ST_1 : Operation 130 [1/1] (0.00ns)   --->   "%p_load50 = load i8 %empty_57"   --->   Operation 130 'load' 'p_load50' <Predicate = (icmp_ln25)> <Delay = 0.00>
ST_1 : Operation 131 [1/1] (0.00ns)   --->   "%p_load49 = load i8 %empty_58"   --->   Operation 131 'load' 'p_load49' <Predicate = (icmp_ln25)> <Delay = 0.00>
ST_1 : Operation 132 [1/1] (0.00ns)   --->   "%p_load48 = load i8 %empty_59"   --->   Operation 132 'load' 'p_load48' <Predicate = (icmp_ln25)> <Delay = 0.00>
ST_1 : Operation 133 [1/1] (0.00ns)   --->   "%p_load47 = load i8 %empty_60"   --->   Operation 133 'load' 'p_load47' <Predicate = (icmp_ln25)> <Delay = 0.00>
ST_1 : Operation 134 [1/1] (0.00ns)   --->   "%p_load46 = load i8 %empty_61"   --->   Operation 134 'load' 'p_load46' <Predicate = (icmp_ln25)> <Delay = 0.00>
ST_1 : Operation 135 [1/1] (0.00ns)   --->   "%p_load45 = load i8 %empty_62"   --->   Operation 135 'load' 'p_load45' <Predicate = (icmp_ln25)> <Delay = 0.00>
ST_1 : Operation 136 [1/1] (0.00ns)   --->   "%p_load44 = load i8 %empty_63"   --->   Operation 136 'load' 'p_load44' <Predicate = (icmp_ln25)> <Delay = 0.00>
ST_1 : Operation 137 [1/1] (0.00ns)   --->   "%p_load43 = load i8 %empty_64"   --->   Operation 137 'load' 'p_load43' <Predicate = (icmp_ln25)> <Delay = 0.00>
ST_1 : Operation 138 [1/1] (0.00ns)   --->   "%p_load42 = load i8 %empty_65"   --->   Operation 138 'load' 'p_load42' <Predicate = (icmp_ln25)> <Delay = 0.00>
ST_1 : Operation 139 [1/1] (0.00ns)   --->   "%p_load41 = load i8 %empty_66"   --->   Operation 139 'load' 'p_load41' <Predicate = (icmp_ln25)> <Delay = 0.00>
ST_1 : Operation 140 [1/1] (0.00ns)   --->   "%p_load40 = load i8 %empty_67"   --->   Operation 140 'load' 'p_load40' <Predicate = (icmp_ln25)> <Delay = 0.00>
ST_1 : Operation 141 [1/1] (0.00ns)   --->   "%p_load39 = load i8 %empty_68"   --->   Operation 141 'load' 'p_load39' <Predicate = (icmp_ln25)> <Delay = 0.00>
ST_1 : Operation 142 [1/1] (0.00ns)   --->   "%p_load38 = load i8 %empty_69"   --->   Operation 142 'load' 'p_load38' <Predicate = (icmp_ln25)> <Delay = 0.00>
ST_1 : Operation 143 [1/1] (0.00ns)   --->   "%p_load37 = load i8 %empty_70"   --->   Operation 143 'load' 'p_load37' <Predicate = (icmp_ln25)> <Delay = 0.00>
ST_1 : Operation 144 [1/1] (0.00ns)   --->   "%p_load36 = load i8 %empty_71"   --->   Operation 144 'load' 'p_load36' <Predicate = (icmp_ln25)> <Delay = 0.00>
ST_1 : Operation 145 [1/1] (0.00ns)   --->   "%p_load35 = load i8 %empty_72"   --->   Operation 145 'load' 'p_load35' <Predicate = (icmp_ln25)> <Delay = 0.00>
ST_1 : Operation 146 [1/1] (0.00ns)   --->   "%p_load34 = load i8 %empty_73"   --->   Operation 146 'load' 'p_load34' <Predicate = (icmp_ln25)> <Delay = 0.00>
ST_1 : Operation 147 [1/1] (0.00ns)   --->   "%p_load33 = load i8 %empty_74"   --->   Operation 147 'load' 'p_load33' <Predicate = (icmp_ln25)> <Delay = 0.00>
ST_1 : Operation 148 [1/1] (0.00ns)   --->   "%p_load = load i8 %empty_75"   --->   Operation 148 'load' 'p_load' <Predicate = (icmp_ln25)> <Delay = 0.00>
ST_1 : Operation 149 [1/1] (0.00ns)   --->   "%write_ln0 = write void @_ssdm_op_Write.ap_auto.i8P0A, i8 %p_out, i8 %p_load"   --->   Operation 149 'write' 'write_ln0' <Predicate = (icmp_ln25)> <Delay = 0.00>
ST_1 : Operation 150 [1/1] (0.00ns)   --->   "%write_ln0 = write void @_ssdm_op_Write.ap_auto.i8P0A, i8 %p_out1, i8 %p_load33"   --->   Operation 150 'write' 'write_ln0' <Predicate = (icmp_ln25)> <Delay = 0.00>
ST_1 : Operation 151 [1/1] (0.00ns)   --->   "%write_ln0 = write void @_ssdm_op_Write.ap_auto.i8P0A, i8 %p_out2, i8 %p_load34"   --->   Operation 151 'write' 'write_ln0' <Predicate = (icmp_ln25)> <Delay = 0.00>
ST_1 : Operation 152 [1/1] (0.00ns)   --->   "%write_ln0 = write void @_ssdm_op_Write.ap_auto.i8P0A, i8 %p_out3, i8 %p_load35"   --->   Operation 152 'write' 'write_ln0' <Predicate = (icmp_ln25)> <Delay = 0.00>
ST_1 : Operation 153 [1/1] (0.00ns)   --->   "%write_ln0 = write void @_ssdm_op_Write.ap_auto.i8P0A, i8 %p_out4, i8 %p_load36"   --->   Operation 153 'write' 'write_ln0' <Predicate = (icmp_ln25)> <Delay = 0.00>
ST_1 : Operation 154 [1/1] (0.00ns)   --->   "%write_ln0 = write void @_ssdm_op_Write.ap_auto.i8P0A, i8 %p_out5, i8 %p_load37"   --->   Operation 154 'write' 'write_ln0' <Predicate = (icmp_ln25)> <Delay = 0.00>
ST_1 : Operation 155 [1/1] (0.00ns)   --->   "%write_ln0 = write void @_ssdm_op_Write.ap_auto.i8P0A, i8 %p_out6, i8 %p_load38"   --->   Operation 155 'write' 'write_ln0' <Predicate = (icmp_ln25)> <Delay = 0.00>
ST_1 : Operation 156 [1/1] (0.00ns)   --->   "%write_ln0 = write void @_ssdm_op_Write.ap_auto.i8P0A, i8 %p_out7, i8 %p_load39"   --->   Operation 156 'write' 'write_ln0' <Predicate = (icmp_ln25)> <Delay = 0.00>
ST_1 : Operation 157 [1/1] (0.00ns)   --->   "%write_ln0 = write void @_ssdm_op_Write.ap_auto.i8P0A, i8 %p_out8, i8 %p_load40"   --->   Operation 157 'write' 'write_ln0' <Predicate = (icmp_ln25)> <Delay = 0.00>
ST_1 : Operation 158 [1/1] (0.00ns)   --->   "%write_ln0 = write void @_ssdm_op_Write.ap_auto.i8P0A, i8 %p_out9, i8 %p_load41"   --->   Operation 158 'write' 'write_ln0' <Predicate = (icmp_ln25)> <Delay = 0.00>
ST_1 : Operation 159 [1/1] (0.00ns)   --->   "%write_ln0 = write void @_ssdm_op_Write.ap_auto.i8P0A, i8 %p_out10, i8 %p_load42"   --->   Operation 159 'write' 'write_ln0' <Predicate = (icmp_ln25)> <Delay = 0.00>
ST_1 : Operation 160 [1/1] (0.00ns)   --->   "%write_ln0 = write void @_ssdm_op_Write.ap_auto.i8P0A, i8 %p_out11, i8 %p_load43"   --->   Operation 160 'write' 'write_ln0' <Predicate = (icmp_ln25)> <Delay = 0.00>
ST_1 : Operation 161 [1/1] (0.00ns)   --->   "%write_ln0 = write void @_ssdm_op_Write.ap_auto.i8P0A, i8 %p_out12, i8 %p_load44"   --->   Operation 161 'write' 'write_ln0' <Predicate = (icmp_ln25)> <Delay = 0.00>
ST_1 : Operation 162 [1/1] (0.00ns)   --->   "%write_ln0 = write void @_ssdm_op_Write.ap_auto.i8P0A, i8 %p_out13, i8 %p_load45"   --->   Operation 162 'write' 'write_ln0' <Predicate = (icmp_ln25)> <Delay = 0.00>
ST_1 : Operation 163 [1/1] (0.00ns)   --->   "%write_ln0 = write void @_ssdm_op_Write.ap_auto.i8P0A, i8 %p_out14, i8 %p_load46"   --->   Operation 163 'write' 'write_ln0' <Predicate = (icmp_ln25)> <Delay = 0.00>
ST_1 : Operation 164 [1/1] (0.00ns)   --->   "%write_ln0 = write void @_ssdm_op_Write.ap_auto.i8P0A, i8 %p_out15, i8 %p_load47"   --->   Operation 164 'write' 'write_ln0' <Predicate = (icmp_ln25)> <Delay = 0.00>
ST_1 : Operation 165 [1/1] (0.00ns)   --->   "%write_ln0 = write void @_ssdm_op_Write.ap_auto.i8P0A, i8 %p_out16, i8 %p_load48"   --->   Operation 165 'write' 'write_ln0' <Predicate = (icmp_ln25)> <Delay = 0.00>
ST_1 : Operation 166 [1/1] (0.00ns)   --->   "%write_ln0 = write void @_ssdm_op_Write.ap_auto.i8P0A, i8 %p_out17, i8 %p_load49"   --->   Operation 166 'write' 'write_ln0' <Predicate = (icmp_ln25)> <Delay = 0.00>
ST_1 : Operation 167 [1/1] (0.00ns)   --->   "%write_ln0 = write void @_ssdm_op_Write.ap_auto.i8P0A, i8 %p_out18, i8 %p_load50"   --->   Operation 167 'write' 'write_ln0' <Predicate = (icmp_ln25)> <Delay = 0.00>
ST_1 : Operation 168 [1/1] (0.00ns)   --->   "%write_ln0 = write void @_ssdm_op_Write.ap_auto.i8P0A, i8 %p_out19, i8 %p_load51"   --->   Operation 168 'write' 'write_ln0' <Predicate = (icmp_ln25)> <Delay = 0.00>
ST_1 : Operation 169 [1/1] (0.00ns)   --->   "%write_ln0 = write void @_ssdm_op_Write.ap_auto.i8P0A, i8 %p_out20, i8 %p_load52"   --->   Operation 169 'write' 'write_ln0' <Predicate = (icmp_ln25)> <Delay = 0.00>
ST_1 : Operation 170 [1/1] (0.00ns)   --->   "%write_ln0 = write void @_ssdm_op_Write.ap_auto.i8P0A, i8 %p_out21, i8 %p_load53"   --->   Operation 170 'write' 'write_ln0' <Predicate = (icmp_ln25)> <Delay = 0.00>
ST_1 : Operation 171 [1/1] (0.00ns)   --->   "%write_ln0 = write void @_ssdm_op_Write.ap_auto.i8P0A, i8 %p_out22, i8 %p_load54"   --->   Operation 171 'write' 'write_ln0' <Predicate = (icmp_ln25)> <Delay = 0.00>
ST_1 : Operation 172 [1/1] (0.00ns)   --->   "%write_ln0 = write void @_ssdm_op_Write.ap_auto.i8P0A, i8 %p_out23, i8 %p_load55"   --->   Operation 172 'write' 'write_ln0' <Predicate = (icmp_ln25)> <Delay = 0.00>
ST_1 : Operation 173 [1/1] (0.00ns)   --->   "%write_ln0 = write void @_ssdm_op_Write.ap_auto.i8P0A, i8 %p_out24, i8 %p_load56"   --->   Operation 173 'write' 'write_ln0' <Predicate = (icmp_ln25)> <Delay = 0.00>
ST_1 : Operation 174 [1/1] (0.00ns)   --->   "%write_ln0 = write void @_ssdm_op_Write.ap_auto.i8P0A, i8 %p_out25, i8 %p_load57"   --->   Operation 174 'write' 'write_ln0' <Predicate = (icmp_ln25)> <Delay = 0.00>
ST_1 : Operation 175 [1/1] (0.00ns)   --->   "%write_ln0 = write void @_ssdm_op_Write.ap_auto.i8P0A, i8 %p_out26, i8 %p_load58"   --->   Operation 175 'write' 'write_ln0' <Predicate = (icmp_ln25)> <Delay = 0.00>
ST_1 : Operation 176 [1/1] (0.00ns)   --->   "%write_ln0 = write void @_ssdm_op_Write.ap_auto.i8P0A, i8 %p_out27, i8 %p_load59"   --->   Operation 176 'write' 'write_ln0' <Predicate = (icmp_ln25)> <Delay = 0.00>
ST_1 : Operation 177 [1/1] (0.00ns)   --->   "%write_ln0 = write void @_ssdm_op_Write.ap_auto.i8P0A, i8 %p_out28, i8 %p_load60"   --->   Operation 177 'write' 'write_ln0' <Predicate = (icmp_ln25)> <Delay = 0.00>
ST_1 : Operation 178 [1/1] (0.00ns)   --->   "%write_ln0 = write void @_ssdm_op_Write.ap_auto.i8P0A, i8 %p_out29, i8 %p_load61"   --->   Operation 178 'write' 'write_ln0' <Predicate = (icmp_ln25)> <Delay = 0.00>
ST_1 : Operation 179 [1/1] (0.00ns)   --->   "%write_ln0 = write void @_ssdm_op_Write.ap_auto.i8P0A, i8 %p_out30, i8 %p_load62"   --->   Operation 179 'write' 'write_ln0' <Predicate = (icmp_ln25)> <Delay = 0.00>
ST_1 : Operation 180 [1/1] (0.00ns)   --->   "%write_ln0 = write void @_ssdm_op_Write.ap_auto.i8P0A, i8 %p_out31, i8 %p_load63"   --->   Operation 180 'write' 'write_ln0' <Predicate = (icmp_ln25)> <Delay = 0.00>
ST_1 : Operation 181 [1/1] (1.61ns)   --->   "%ret_ln0 = ret"   --->   Operation 181 'ret' 'ret_ln0' <Predicate = (icmp_ln25)> <Delay = 1.61>

State 2 <SV = 1> <Delay = 0.51>
ST_2 : Operation 49 [1/1] (0.00ns)   --->   "%specpipeline_ln25 = specpipeline void @_ssdm_op_SpecPipeline, i32 4294967295, i32 0, i32 0, i32 0, i32 4294967295, void @empty" [../hls/dense_gemv.cpp:25]   --->   Operation 49 'specpipeline' 'specpipeline_ln25' <Predicate = true> <Delay = 0.00>
ST_2 : Operation 50 [1/1] (0.00ns)   --->   "%speclooptripcount_ln25 = speclooptripcount void @_ssdm_op_SpecLoopTripCount, i64 32, i64 32, i64 32" [../hls/dense_gemv.cpp:25]   --->   Operation 50 'speclooptripcount' 'speclooptripcount_ln25' <Predicate = true> <Delay = 0.00>
ST_2 : Operation 51 [1/1] (0.00ns)   --->   "%specloopname_ln25 = specloopname void @_ssdm_op_SpecLoopName, void @empty_39" [../hls/dense_gemv.cpp:25]   --->   Operation 51 'specloopname' 'specloopname_ln25' <Predicate = true> <Delay = 0.00>
ST_2 : Operation 52 [1/1] ( I:0.51ns O:0.51ns )   --->   "%input_buffer = read i8 @_ssdm_op_Read.axis.volatile.i8P128A, i8 %in_stream" [../hls/dense_gemv.cpp:26]   --->   Operation 52 'read' 'input_buffer' <Predicate = true> <Delay = 0.51> <CoreInst = "regslice">   --->   Core 135 'regslice' <Latency = 0> <II = 1> <Delay = 1.75> <Adapter> <Opcode : 'read' 'write'>
ST_2 : Operation 53 [1/1] (0.00ns)   --->   "%store_ln26 = store i8 %input_buffer, i8 %empty_74" [../hls/dense_gemv.cpp:26]   --->   Operation 53 'store' 'store_ln26' <Predicate = (trunc_ln25 == 30)> <Delay = 0.00>
ST_2 : Operation 54 [1/1] (0.00ns)   --->   "%br_ln27 = br void %arrayidx.exit" [../hls/dense_gemv.cpp:27]   --->   Operation 54 'br' 'br_ln27' <Predicate = (trunc_ln25 == 30)> <Delay = 0.00>
ST_2 : Operation 55 [1/1] (0.00ns)   --->   "%store_ln26 = store i8 %input_buffer, i8 %empty_73" [../hls/dense_gemv.cpp:26]   --->   Operation 55 'store' 'store_ln26' <Predicate = (trunc_ln25 == 29)> <Delay = 0.00>
ST_2 : Operation 56 [1/1] (0.00ns)   --->   "%br_ln27 = br void %arrayidx.exit" [../hls/dense_gemv.cpp:27]   --->   Operation 56 'br' 'br_ln27' <Predicate = (trunc_ln25 == 29)> <Delay = 0.00>
ST_2 : Operation 57 [1/1] (0.00ns)   --->   "%store_ln26 = store i8 %input_buffer, i8 %empty_72" [../hls/dense_gemv.cpp:26]   --->   Operation 57 'store' 'store_ln26' <Predicate = (trunc_ln25 == 28)> <Delay = 0.00>
ST_2 : Operation 58 [1/1] (0.00ns)   --->   "%br_ln27 = br void %arrayidx.exit" [../hls/dense_gemv.cpp:27]   --->   Operation 58 'br' 'br_ln27' <Predicate = (trunc_ln25 == 28)> <Delay = 0.00>
ST_2 : Operation 59 [1/1] (0.00ns)   --->   "%store_ln26 = store i8 %input_buffer, i8 %empty_71" [../hls/dense_gemv.cpp:26]   --->   Operation 59 'store' 'store_ln26' <Predicate = (trunc_ln25 == 27)> <Delay = 0.00>
ST_2 : Operation 60 [1/1] (0.00ns)   --->   "%br_ln27 = br void %arrayidx.exit" [../hls/dense_gemv.cpp:27]   --->   Operation 60 'br' 'br_ln27' <Predicate = (trunc_ln25 == 27)> <Delay = 0.00>
ST_2 : Operation 61 [1/1] (0.00ns)   --->   "%store_ln26 = store i8 %input_buffer, i8 %empty_70" [../hls/dense_gemv.cpp:26]   --->   Operation 61 'store' 'store_ln26' <Predicate = (trunc_ln25 == 26)> <Delay = 0.00>
ST_2 : Operation 62 [1/1] (0.00ns)   --->   "%br_ln27 = br void %arrayidx.exit" [../hls/dense_gemv.cpp:27]   --->   Operation 62 'br' 'br_ln27' <Predicate = (trunc_ln25 == 26)> <Delay = 0.00>
ST_2 : Operation 63 [1/1] (0.00ns)   --->   "%store_ln26 = store i8 %input_buffer, i8 %empty_69" [../hls/dense_gemv.cpp:26]   --->   Operation 63 'store' 'store_ln26' <Predicate = (trunc_ln25 == 25)> <Delay = 0.00>
ST_2 : Operation 64 [1/1] (0.00ns)   --->   "%br_ln27 = br void %arrayidx.exit" [../hls/dense_gemv.cpp:27]   --->   Operation 64 'br' 'br_ln27' <Predicate = (trunc_ln25 == 25)> <Delay = 0.00>
ST_2 : Operation 65 [1/1] (0.00ns)   --->   "%store_ln26 = store i8 %input_buffer, i8 %empty_68" [../hls/dense_gemv.cpp:26]   --->   Operation 65 'store' 'store_ln26' <Predicate = (trunc_ln25 == 24)> <Delay = 0.00>
ST_2 : Operation 66 [1/1] (0.00ns)   --->   "%br_ln27 = br void %arrayidx.exit" [../hls/dense_gemv.cpp:27]   --->   Operation 66 'br' 'br_ln27' <Predicate = (trunc_ln25 == 24)> <Delay = 0.00>
ST_2 : Operation 67 [1/1] (0.00ns)   --->   "%store_ln26 = store i8 %input_buffer, i8 %empty_67" [../hls/dense_gemv.cpp:26]   --->   Operation 67 'store' 'store_ln26' <Predicate = (trunc_ln25 == 23)> <Delay = 0.00>
ST_2 : Operation 68 [1/1] (0.00ns)   --->   "%br_ln27 = br void %arrayidx.exit" [../hls/dense_gemv.cpp:27]   --->   Operation 68 'br' 'br_ln27' <Predicate = (trunc_ln25 == 23)> <Delay = 0.00>
ST_2 : Operation 69 [1/1] (0.00ns)   --->   "%store_ln26 = store i8 %input_buffer, i8 %empty_66" [../hls/dense_gemv.cpp:26]   --->   Operation 69 'store' 'store_ln26' <Predicate = (trunc_ln25 == 22)> <Delay = 0.00>
ST_2 : Operation 70 [1/1] (0.00ns)   --->   "%br_ln27 = br void %arrayidx.exit" [../hls/dense_gemv.cpp:27]   --->   Operation 70 'br' 'br_ln27' <Predicate = (trunc_ln25 == 22)> <Delay = 0.00>
ST_2 : Operation 71 [1/1] (0.00ns)   --->   "%store_ln26 = store i8 %input_buffer, i8 %empty_65" [../hls/dense_gemv.cpp:26]   --->   Operation 71 'store' 'store_ln26' <Predicate = (trunc_ln25 == 21)> <Delay = 0.00>
ST_2 : Operation 72 [1/1] (0.00ns)   --->   "%br_ln27 = br void %arrayidx.exit" [../hls/dense_gemv.cpp:27]   --->   Operation 72 'br' 'br_ln27' <Predicate = (trunc_ln25 == 21)> <Delay = 0.00>
ST_2 : Operation 73 [1/1] (0.00ns)   --->   "%store_ln26 = store i8 %input_buffer, i8 %empty_64" [../hls/dense_gemv.cpp:26]   --->   Operation 73 'store' 'store_ln26' <Predicate = (trunc_ln25 == 20)> <Delay = 0.00>
ST_2 : Operation 74 [1/1] (0.00ns)   --->   "%br_ln27 = br void %arrayidx.exit" [../hls/dense_gemv.cpp:27]   --->   Operation 74 'br' 'br_ln27' <Predicate = (trunc_ln25 == 20)> <Delay = 0.00>
ST_2 : Operation 75 [1/1] (0.00ns)   --->   "%store_ln26 = store i8 %input_buffer, i8 %empty_63" [../hls/dense_gemv.cpp:26]   --->   Operation 75 'store' 'store_ln26' <Predicate = (trunc_ln25 == 19)> <Delay = 0.00>
ST_2 : Operation 76 [1/1] (0.00ns)   --->   "%br_ln27 = br void %arrayidx.exit" [../hls/dense_gemv.cpp:27]   --->   Operation 76 'br' 'br_ln27' <Predicate = (trunc_ln25 == 19)> <Delay = 0.00>
ST_2 : Operation 77 [1/1] (0.00ns)   --->   "%store_ln26 = store i8 %input_buffer, i8 %empty_62" [../hls/dense_gemv.cpp:26]   --->   Operation 77 'store' 'store_ln26' <Predicate = (trunc_ln25 == 18)> <Delay = 0.00>
ST_2 : Operation 78 [1/1] (0.00ns)   --->   "%br_ln27 = br void %arrayidx.exit" [../hls/dense_gemv.cpp:27]   --->   Operation 78 'br' 'br_ln27' <Predicate = (trunc_ln25 == 18)> <Delay = 0.00>
ST_2 : Operation 79 [1/1] (0.00ns)   --->   "%store_ln26 = store i8 %input_buffer, i8 %empty_61" [../hls/dense_gemv.cpp:26]   --->   Operation 79 'store' 'store_ln26' <Predicate = (trunc_ln25 == 17)> <Delay = 0.00>
ST_2 : Operation 80 [1/1] (0.00ns)   --->   "%br_ln27 = br void %arrayidx.exit" [../hls/dense_gemv.cpp:27]   --->   Operation 80 'br' 'br_ln27' <Predicate = (trunc_ln25 == 17)> <Delay = 0.00>
ST_2 : Operation 81 [1/1] (0.00ns)   --->   "%store_ln26 = store i8 %input_buffer, i8 %empty_60" [../hls/dense_gemv.cpp:26]   --->   Operation 81 'store' 'store_ln26' <Predicate = (trunc_ln25 == 16)> <Delay = 0.00>
ST_2 : Operation 82 [1/1] (0.00ns)   --->   "%br_ln27 = br void %arrayidx.exit" [../hls/dense_gemv.cpp:27]   --->   Operation 82 'br' 'br_ln27' <Predicate = (trunc_ln25 == 16)> <Delay = 0.00>
ST_2 : Operation 83 [1/1] (0.00ns)   --->   "%store_ln26 = store i8 %input_buffer, i8 %empty_59" [../hls/dense_gemv.cpp:26]   --->   Operation 83 'store' 'store_ln26' <Predicate = (trunc_ln25 == 15)> <Delay = 0.00>
ST_2 : Operation 84 [1/1] (0.00ns)   --->   "%br_ln27 = br void %arrayidx.exit" [../hls/dense_gemv.cpp:27]   --->   Operation 84 'br' 'br_ln27' <Predicate = (trunc_ln25 == 15)> <Delay = 0.00>
ST_2 : Operation 85 [1/1] (0.00ns)   --->   "%store_ln26 = store i8 %input_buffer, i8 %empty_58" [../hls/dense_gemv.cpp:26]   --->   Operation 85 'store' 'store_ln26' <Predicate = (trunc_ln25 == 14)> <Delay = 0.00>
ST_2 : Operation 86 [1/1] (0.00ns)   --->   "%br_ln27 = br void %arrayidx.exit" [../hls/dense_gemv.cpp:27]   --->   Operation 86 'br' 'br_ln27' <Predicate = (trunc_ln25 == 14)> <Delay = 0.00>
ST_2 : Operation 87 [1/1] (0.00ns)   --->   "%store_ln26 = store i8 %input_buffer, i8 %empty_57" [../hls/dense_gemv.cpp:26]   --->   Operation 87 'store' 'store_ln26' <Predicate = (trunc_ln25 == 13)> <Delay = 0.00>
ST_2 : Operation 88 [1/1] (0.00ns)   --->   "%br_ln27 = br void %arrayidx.exit" [../hls/dense_gemv.cpp:27]   --->   Operation 88 'br' 'br_ln27' <Predicate = (trunc_ln25 == 13)> <Delay = 0.00>
ST_2 : Operation 89 [1/1] (0.00ns)   --->   "%store_ln26 = store i8 %input_buffer, i8 %empty_56" [../hls/dense_gemv.cpp:26]   --->   Operation 89 'store' 'store_ln26' <Predicate = (trunc_ln25 == 12)> <Delay = 0.00>
ST_2 : Operation 90 [1/1] (0.00ns)   --->   "%br_ln27 = br void %arrayidx.exit" [../hls/dense_gemv.cpp:27]   --->   Operation 90 'br' 'br_ln27' <Predicate = (trunc_ln25 == 12)> <Delay = 0.00>
ST_2 : Operation 91 [1/1] (0.00ns)   --->   "%store_ln26 = store i8 %input_buffer, i8 %empty_55" [../hls/dense_gemv.cpp:26]   --->   Operation 91 'store' 'store_ln26' <Predicate = (trunc_ln25 == 11)> <Delay = 0.00>
ST_2 : Operation 92 [1/1] (0.00ns)   --->   "%br_ln27 = br void %arrayidx.exit" [../hls/dense_gemv.cpp:27]   --->   Operation 92 'br' 'br_ln27' <Predicate = (trunc_ln25 == 11)> <Delay = 0.00>
ST_2 : Operation 93 [1/1] (0.00ns)   --->   "%store_ln26 = store i8 %input_buffer, i8 %empty_54" [../hls/dense_gemv.cpp:26]   --->   Operation 93 'store' 'store_ln26' <Predicate = (trunc_ln25 == 10)> <Delay = 0.00>
ST_2 : Operation 94 [1/1] (0.00ns)   --->   "%br_ln27 = br void %arrayidx.exit" [../hls/dense_gemv.cpp:27]   --->   Operation 94 'br' 'br_ln27' <Predicate = (trunc_ln25 == 10)> <Delay = 0.00>
ST_2 : Operation 95 [1/1] (0.00ns)   --->   "%store_ln26 = store i8 %input_buffer, i8 %empty_53" [../hls/dense_gemv.cpp:26]   --->   Operation 95 'store' 'store_ln26' <Predicate = (trunc_ln25 == 9)> <Delay = 0.00>
ST_2 : Operation 96 [1/1] (0.00ns)   --->   "%br_ln27 = br void %arrayidx.exit" [../hls/dense_gemv.cpp:27]   --->   Operation 96 'br' 'br_ln27' <Predicate = (trunc_ln25 == 9)> <Delay = 0.00>
ST_2 : Operation 97 [1/1] (0.00ns)   --->   "%store_ln26 = store i8 %input_buffer, i8 %empty_52" [../hls/dense_gemv.cpp:26]   --->   Operation 97 'store' 'store_ln26' <Predicate = (trunc_ln25 == 8)> <Delay = 0.00>
ST_2 : Operation 98 [1/1] (0.00ns)   --->   "%br_ln27 = br void %arrayidx.exit" [../hls/dense_gemv.cpp:27]   --->   Operation 98 'br' 'br_ln27' <Predicate = (trunc_ln25 == 8)> <Delay = 0.00>
ST_2 : Operation 99 [1/1] (0.00ns)   --->   "%store_ln26 = store i8 %input_buffer, i8 %empty_51" [../hls/dense_gemv.cpp:26]   --->   Operation 99 'store' 'store_ln26' <Predicate = (trunc_ln25 == 7)> <Delay = 0.00>
ST_2 : Operation 100 [1/1] (0.00ns)   --->   "%br_ln27 = br void %arrayidx.exit" [../hls/dense_gemv.cpp:27]   --->   Operation 100 'br' 'br_ln27' <Predicate = (trunc_ln25 == 7)> <Delay = 0.00>
ST_2 : Operation 101 [1/1] (0.00ns)   --->   "%store_ln26 = store i8 %input_buffer, i8 %empty_50" [../hls/dense_gemv.cpp:26]   --->   Operation 101 'store' 'store_ln26' <Predicate = (trunc_ln25 == 6)> <Delay = 0.00>
ST_2 : Operation 102 [1/1] (0.00ns)   --->   "%br_ln27 = br void %arrayidx.exit" [../hls/dense_gemv.cpp:27]   --->   Operation 102 'br' 'br_ln27' <Predicate = (trunc_ln25 == 6)> <Delay = 0.00>
ST_2 : Operation 103 [1/1] (0.00ns)   --->   "%store_ln26 = store i8 %input_buffer, i8 %empty_49" [../hls/dense_gemv.cpp:26]   --->   Operation 103 'store' 'store_ln26' <Predicate = (trunc_ln25 == 5)> <Delay = 0.00>
ST_2 : Operation 104 [1/1] (0.00ns)   --->   "%br_ln27 = br void %arrayidx.exit" [../hls/dense_gemv.cpp:27]   --->   Operation 104 'br' 'br_ln27' <Predicate = (trunc_ln25 == 5)> <Delay = 0.00>
ST_2 : Operation 105 [1/1] (0.00ns)   --->   "%store_ln26 = store i8 %input_buffer, i8 %empty_48" [../hls/dense_gemv.cpp:26]   --->   Operation 105 'store' 'store_ln26' <Predicate = (trunc_ln25 == 4)> <Delay = 0.00>
ST_2 : Operation 106 [1/1] (0.00ns)   --->   "%br_ln27 = br void %arrayidx.exit" [../hls/dense_gemv.cpp:27]   --->   Operation 106 'br' 'br_ln27' <Predicate = (trunc_ln25 == 4)> <Delay = 0.00>
ST_2 : Operation 107 [1/1] (0.00ns)   --->   "%store_ln26 = store i8 %input_buffer, i8 %empty_47" [../hls/dense_gemv.cpp:26]   --->   Operation 107 'store' 'store_ln26' <Predicate = (trunc_ln25 == 3)> <Delay = 0.00>
ST_2 : Operation 108 [1/1] (0.00ns)   --->   "%br_ln27 = br void %arrayidx.exit" [../hls/dense_gemv.cpp:27]   --->   Operation 108 'br' 'br_ln27' <Predicate = (trunc_ln25 == 3)> <Delay = 0.00>
ST_2 : Operation 109 [1/1] (0.00ns)   --->   "%store_ln26 = store i8 %input_buffer, i8 %empty_46" [../hls/dense_gemv.cpp:26]   --->   Operation 109 'store' 'store_ln26' <Predicate = (trunc_ln25 == 2)> <Delay = 0.00>
ST_2 : Operation 110 [1/1] (0.00ns)   --->   "%br_ln27 = br void %arrayidx.exit" [../hls/dense_gemv.cpp:27]   --->   Operation 110 'br' 'br_ln27' <Predicate = (trunc_ln25 == 2)> <Delay = 0.00>
ST_2 : Operation 111 [1/1] (0.00ns)   --->   "%store_ln26 = store i8 %input_buffer, i8 %empty_45" [../hls/dense_gemv.cpp:26]   --->   Operation 111 'store' 'store_ln26' <Predicate = (trunc_ln25 == 1)> <Delay = 0.00>
ST_2 : Operation 112 [1/1] (0.00ns)   --->   "%br_ln27 = br void %arrayidx.exit" [../hls/dense_gemv.cpp:27]   --->   Operation 112 'br' 'br_ln27' <Predicate = (trunc_ln25 == 1)> <Delay = 0.00>
ST_2 : Operation 113 [1/1] (0.00ns)   --->   "%store_ln26 = store i8 %input_buffer, i8 %empty" [../hls/dense_gemv.cpp:26]   --->   Operation 113 'store' 'store_ln26' <Predicate = (trunc_ln25 == 0)> <Delay = 0.00>
ST_2 : Operation 114 [1/1] (0.00ns)   --->   "%br_ln27 = br void %arrayidx.exit" [../hls/dense_gemv.cpp:27]   --->   Operation 114 'br' 'br_ln27' <Predicate = (trunc_ln25 == 0)> <Delay = 0.00>
ST_2 : Operation 115 [1/1] (0.00ns)   --->   "%store_ln26 = store i8 %input_buffer, i8 %empty_75" [../hls/dense_gemv.cpp:26]   --->   Operation 115 'store' 'store_ln26' <Predicate = (trunc_ln25 == 31)> <Delay = 0.00>
ST_2 : Operation 116 [1/1] (0.00ns)   --->   "%br_ln27 = br void %arrayidx.exit" [../hls/dense_gemv.cpp:27]   --->   Operation 116 'br' 'br_ln27' <Predicate = (trunc_ln25 == 31)> <Delay = 0.00>


============================================================
+ Verbose Summary: Timing violations
============================================================
Target clock period: 10.000ns, clock uncertainty: 2.700ns.

 <State 1>: 5.166ns
The critical path consists of the following:
	'store' operation ('store_ln25', ../hls/dense_gemv.cpp:25) of constant 0 6 bit on local variable 'i', ../hls/dense_gemv.cpp:25 [68]  (1.610 ns)
	'load' operation 6 bit ('i', ../hls/dense_gemv.cpp:25) on local variable 'i', ../hls/dense_gemv.cpp:25 [71]  (0.000 ns)
	'icmp' operation 1 bit ('icmp_ln25', ../hls/dense_gemv.cpp:25) [72]  (1.946 ns)
	'store' operation ('store_ln25', ../hls/dense_gemv.cpp:25) of variable 'add_ln25', ../hls/dense_gemv.cpp:25 6 bit on local variable 'i', ../hls/dense_gemv.cpp:25 [179]  (1.610 ns)

 <State 2>: 0.518ns
The critical path consists of the following:
	axis read operation ('input_buffer', ../hls/dense_gemv.cpp:26) on port 'in_stream' (../hls/dense_gemv.cpp:26) [80]  (0.518 ns)
	'store' operation ('store_ln26', ../hls/dense_gemv.cpp:26) of variable 'input_buffer', ../hls/dense_gemv.cpp:26 8 bit on local variable 'empty_62' [119]  (0.000 ns)


============================================================
+ Verbose Summary: Binding
============================================================
N/A
* FSMD analyzer results:
  - Output states:
 - Input state : 
  - Chain level:
	State 1
	State 2


============================================================
+ Verbose Summary: Datapath Resource usage 
============================================================
N/A
